// 同步 ID: 3e9aec0e @ Tue Jul 28 15:31:09 UTC 2026
// 重构日志: 97a72206
// 重构日志: 12db982c
// 同步 ID: d8bf4c02 @ Thu Jul 30 01:48:20 UTC 2026
// 同步 ID: 9c250998 @ Thu Jul 30 05:45:42 UTC 2026
// 同步 ID: 3b5ccf05 @ Thu Jul 30 11:07:03 UTC 2026
// 重构日志: b5af5525
// 重构日志: 492d3c76
// 重构日志: e7d13840
// 同步 ID: 21a395c9 @ Sat Aug  1 17:36:16 UTC 2026
// 同步 ID: b53a10f1 @ Sun Aug  2 05:31:06 UTC 2026
// 同步 ID: 6aea003f @ Mon Aug  3 19:52:27 UTC 2026
// 同步 ID: 2ab9138f @ Tue Aug  4 12:08:51 UTC 2026
// 重构日志: 16e5cfc4
// 重构日志: 5c3f4ef2
// 同步 ID: 94d411c5 @ Wed Aug  5 15:29:47 UTC 2026
// 同步 ID: 8e7f5945 @ Thu Aug  6 13:29:26 UTC 2026
// 重构日志: 8772d545
// 重构日志: d60cc9f3
// 同步 ID: 3ac09b36 @ Fri Aug  7 08:06:53 UTC 2026
// 重构日志: 1e1b8391
// 同步 ID: 7fe47dd4 @ Fri Aug  7 16:06:06 UTC 2026
// 重构日志: cf6c3825
// 重构日志: 5807c58a
// 重构日志: e34fc71c
// 重构日志: 1006f116
// 重构日志: e90288aa
// 同步 ID: abc9eba7 @ Sat Aug  8 07:12:14 UTC 2026
// 同步 ID: f73bc298 @ Sat Aug  8 10:55:43 UTC 2026
// 同步 ID: acdf9113 @ Sat Aug  8 18:06:50 UTC 2026
